../Core/Src/syscalls.c:41:6:ITM_SendChar	16	static
../Core/Src/syscalls.c:66:6:initialise_monitor_handles	4	static
../Core/Src/syscalls.c:70:5:_getpid	4	static
../Core/Src/syscalls.c:75:5:_kill	16	static
../Core/Src/syscalls.c:83:6:_exit	16	static
../Core/Src/syscalls.c:89:27:_read	32	static
../Core/Src/syscalls.c:102:27:_write	32	static
../Core/Src/syscalls.c:116:5:_close	16	static
../Core/Src/syscalls.c:123:5:_fstat	16	static
../Core/Src/syscalls.c:130:5:_isatty	16	static
../Core/Src/syscalls.c:136:5:_lseek	24	static
../Core/Src/syscalls.c:144:5:_open	12	static
../Core/Src/syscalls.c:152:5:_wait	16	static
../Core/Src/syscalls.c:159:5:_unlink	16	static
../Core/Src/syscalls.c:166:5:_times	16	static
../Core/Src/syscalls.c:172:5:_stat	16	static
../Core/Src/syscalls.c:179:5:_link	16	static
../Core/Src/syscalls.c:187:5:_fork	8	static
../Core/Src/syscalls.c:193:5:_execve	24	static
