<html>
<body>
<pre>
<h1>µVision Build Log</h1>
<h2>Tool Versions:</h2>
IDE-Version: µVision V5.36.0.0
Copyright (C) 2021 ARM Ltd and ARM Germany GmbH. All rights reserved.
License Information: maha vishnu, hi, LIC=----
 
Tool Versions:
Toolchain:       MDK-Lite  Version: 5.36.0.0
Toolchain Path:  E:\Keil_v5\ARM\ARMCLANG\Bin
C Compiler:      ArmClang.exe V6.16
Assembler:       Armasm.exe V6.16
Linker/Locator:  ArmLink.exe V6.16
Library Manager: ArmAr.exe V6.16
Hex Converter:   FromElf.exe V6.16
CPU DLL:         SARMCM3.DLL V5.36.0.0
Dialog DLL:      DCM.DLL V1.17.3.0
Target DLL:      STLink\ST-LINKIII-KEIL_SWO.dll V3.0.9.0
Dialog DLL:      TCM.DLL V1.53.0.0
 
<h2>Project:</h2>
E:\STM32\STM32L476RG\i2c\i2c_reg.uvprojx
Project File Date:  08/30/2023

<h2>Output:</h2>
*** Using Compiler 'V6.16', folder: 'E:\Keil_v5\ARM\ARMCLANG\Bin'
Rebuild target 'Target 1'
assembling startup_stm32l476xx.s...
compiling system_stm32l4xx.c...
i2cslaves.c(4): warning: this function declaration is not a prototype [-Wstrict-prototypes]
unsigned char I2C_READ();
                      ^
                       void
i2cslaves.c(121): warning: no previous prototype for function 'GPIOCONFIG' [-Wmissing-prototypes]
void GPIOCONFIG()
     ^
i2cslaves.c(121): note: declare 'static' if the function is not intended to be used outside of this translation unit
void GPIOCONFIG()
^
static 
i2cslaves.c(121): warning: this old-style function definition is not preceded by a prototype [-Wstrict-prototypes]
void GPIOCONFIG()
               ^
i2cslaves.c(185): warning: '/*' within block comment [-Wcomment]
    /* *** STEPS FOLLOWED  ************
    ^
i2cslaves.c(136): warning: no previous prototype for function 'i2c_init' [-Wmissing-prototypes]
void i2c_init()
     ^
i2cslaves.c(136): note: declare 'static' if the function is not intended to be used outside of this translation unit
void i2c_init()
^
static 
i2cslaves.c(136): warning: this old-style function definition is not preceded by a prototype [-Wstrict-prototypes]
void i2c_init()
             ^
i2cslaves.c(270): warning: no previous prototype for function 'I2C_READ' [-Wmissing-prototypes]
unsigned char I2C_READ()
              ^
i2cslaves.c(4): note: this declaration is not a prototype; add 'void' to make it a prototype for a zero-parameter function
unsigned char I2C_READ();
              ^
                       void
i2cslaves.c(270): warning: this old-style function definition is not preceded by a prototype [-Wstrict-prototypes]
unsigned char I2C_READ()
                      ^
i2cslaves.c(5): warning: unused function 'delay' [-Wunused-function]
static void delay( uint32_t ms )
            ^
9 warnings generated.
compiling i2cslaves.c...
linking...
Program Size: Code=704 RO-data=408 RW-data=0 ZI-data=1632  
FromELF: creating hex file...
".\Objects\i2c_reg.axf" - 0 Error(s), 9 Warning(s).

<h2>Software Packages used:</h2>

Package Vendor: ARM
                http://www.keil.com/pack/ARM.CMSIS.5.9.0.pack
                ARM.CMSIS.5.9.0
                CMSIS (Common Microcontroller Software Interface Standard)
   * Component: CORE Version: 5.6.0

Package Vendor: Keil
                https://www.keil.com/pack/Keil.STM32L4xx_DFP.2.6.2.pack
                Keil.STM32L4xx_DFP.2.6.2
                STMicroelectronics STM32L4 Series Device Support, Drivers and Examples
   * Component: Startup Version: 1.3.1

<h2>Collection of Component include folders:</h2>
  .\RTE\_Target_1
  E:\Users\DELL\AppData\Local\Arm\Packs\ARM\CMSIS\5.9.0\CMSIS\Core\Include
  E:\Users\DELL\AppData\Local\Arm\Packs\Keil\STM32L4xx_DFP\2.6.2\Drivers\CMSIS\Device\ST\STM32L4xx\Include

<h2>Collection of Component Files used:</h2>

   * Component: ARM::CMSIS:CORE:5.6.0

   * Component: Keil::Device:Startup:1.3.1
      Source file:   MDK\Device\Source\ARM\STM32L4xx_DB_OPT.s
      Include file:  Drivers\CMSIS\Device\ST\STM32L4xx\Include\stm32l4xx.h
      Source file:   Drivers\CMSIS\Device\ST\STM32L4xx\Source\Templates\arm\startup_stm32l476xx.s
      Source file:   Drivers\CMSIS\Device\ST\STM32L4xx\Source\Templates\system_stm32l4xx.c
Build Time Elapsed:  00:00:01
</pre>
</body>
</html>
