<html>
<body>
<pre>
<h1>µVision Build Log</h1>
<h2>Project:</h2>
E:\proteuscode\LPC_KEIL_code\LED_BUTTON.uvproj
Project File Date:  06/08/2023

<h2>Output:</h2>
Build target 'Target 1'
assembling Startup.s...
compiling LED_BUTTON.c...
LED_BUTTON.c(25): warning:  #1-D: last line of file ends without a newline
linking...
Program Size: Code=752 RO-data=16 RW-data=0 ZI-data=1256  
"LED_BUTTON.axf" - 0 Error(s), 1 Warning(s).
Build target 'Target 1'
linking...
Program Size: Code=752 RO-data=16 RW-data=0 ZI-data=1256  
FromELF: creating hex file...
"LED_BUTTON.axf" - 0 Error(s), 0 Warning(s).
Build target 'Target 1'
compiling LED_BUTTON.c...
LED_BUTTON.c(25): warning:  #1-D: last line of file ends without a newline
linking...
Program Size: Code=752 RO-data=16 RW-data=0 ZI-data=1256  
FromELF: creating hex file...
"LED_BUTTON.axf" - 0 Error(s), 1 Warning(s).
