<html>
<body>
<pre>
<h1>µVision Build Log</h1>
<h2>Project:</h2>
E:\proteuscode\LPC_KEIL_code\lpc2148\main.uvproj
Project File Date:  06/16/2023

<h2>Output:</h2>
Rebuild target 'Target 1'
assembling Startup.s...
compiling main.c...
ADC.h(17): warning:  #61-D: integer operation result is out of range
ADC.h(17): warning:  #68-D: integer conversion resulted in a change of sign
LCD.h(54): warning:  #1-D: last line of file ends without a newline
DAC.h(5): warning:  #1-D: last line of file ends without a newline
interrupt.h(39): warning:  #1-D: last line of file ends without a newline
SPI.h(16): warning:  #550-D: variable "flush" was set but never used
SPI.h(31): warning:  #1-D: last line of file ends without a newline
main.c(42): warning:  #9-D: nested comment is not allowed
main.c(68): warning:  #9-D: nested comment is not allowed
main.c(82): warning:  #9-D: nested comment is not allowed
main.c(87): warning:  #9-D: nested comment is not allowed
main.c(138): warning:  #111-D: statement is unreachable
main.c(97): warning:  #550-D: variable "i" was set but never used
main.c(97): warning:  #550-D: variable "j" was set but never used
linking...
Program Size: Code=2348 RO-data=32 RW-data=20 ZI-data=1260  
FromELF: creating hex file...
"main.axf" - 0 Error(s), 14 Warning(s).
Rebuild target 'Target 1'
assembling Startup.s...
compiling main.c...
ADC.h(17): warning:  #61-D: integer operation result is out of range
ADC.h(17): warning:  #68-D: integer conversion resulted in a change of sign
LCD.h(54): warning:  #1-D: last line of file ends without a newline
DAC.h(5): warning:  #1-D: last line of file ends without a newline
interrupt.h(39): warning:  #1-D: last line of file ends without a newline
SPI.h(16): warning:  #550-D: variable "flush" was set but never used
SPI.h(31): warning:  #1-D: last line of file ends without a newline
main.c(42): warning:  #9-D: nested comment is not allowed
main.c(68): warning:  #9-D: nested comment is not allowed
main.c(82): warning:  #9-D: nested comment is not allowed
main.c(87): warning:  #9-D: nested comment is not allowed
main.c(139): warning:  #111-D: statement is unreachable
main.c(97): warning:  #550-D: variable "i" was set but never used
main.c(97): warning:  #550-D: variable "j" was set but never used
linking...
Program Size: Code=2368 RO-data=32 RW-data=20 ZI-data=1260  
FromELF: creating hex file...
"main.axf" - 0 Error(s), 14 Warning(s).
Rebuild target 'Target 1'
assembling Startup.s...
compiling main.c...
ADC.h(17): warning:  #61-D: integer operation result is out of range
ADC.h(17): warning:  #68-D: integer conversion resulted in a change of sign
LCD.h(54): warning:  #1-D: last line of file ends without a newline
DAC.h(5): warning:  #1-D: last line of file ends without a newline
interrupt.h(39): warning:  #1-D: last line of file ends without a newline
SPI.h(16): warning:  #550-D: variable "flush" was set but never used
SPI.h(31): warning:  #1-D: last line of file ends without a newline
main.c(42): warning:  #9-D: nested comment is not allowed
main.c(68): warning:  #9-D: nested comment is not allowed
main.c(82): warning:  #9-D: nested comment is not allowed
main.c(87): warning:  #9-D: nested comment is not allowed
main.c(124): error:  #268: declaration may not appear after executable statement in block
main.c(125): error:  #268: declaration may not appear after executable statement in block
main.c(129): warning:  #167-D: argument of type "char *" is incompatible with parameter of type "unsigned char *"
main.c(144): warning:  #111-D: statement is unreachable
main.c(97): warning:  #550-D: variable "i" was set but never used
main.c(97): warning:  #550-D: variable "j" was set but never used
Target not created
Rebuild target 'Target 1'
assembling Startup.s...
compiling main.c...
ADC.h(17): warning:  #61-D: integer operation result is out of range
ADC.h(17): warning:  #68-D: integer conversion resulted in a change of sign
LCD.h(54): warning:  #1-D: last line of file ends without a newline
DAC.h(5): warning:  #1-D: last line of file ends without a newline
interrupt.h(39): warning:  #1-D: last line of file ends without a newline
SPI.h(16): warning:  #550-D: variable "flush" was set but never used
SPI.h(31): warning:  #1-D: last line of file ends without a newline
main.c(42): warning:  #9-D: nested comment is not allowed
main.c(68): warning:  #9-D: nested comment is not allowed
main.c(82): warning:  #9-D: nested comment is not allowed
main.c(87): warning:  #9-D: nested comment is not allowed
main.c(124): error:  #268: declaration may not appear after executable statement in block
main.c(125): error:  #268: declaration may not appear after executable statement in block
main.c(128): warning:  #167-D: argument of type "unsigned char *" is incompatible with parameter of type "char *restrict"
main.c(144): warning:  #111-D: statement is unreachable
main.c(97): warning:  #550-D: variable "i" was set but never used
main.c(97): warning:  #550-D: variable "j" was set but never used
Target not created
Rebuild target 'Target 1'
assembling Startup.s...
compiling main.c...
ADC.h(17): warning:  #61-D: integer operation result is out of range
ADC.h(17): warning:  #68-D: integer conversion resulted in a change of sign
LCD.h(54): warning:  #1-D: last line of file ends without a newline
DAC.h(5): warning:  #1-D: last line of file ends without a newline
interrupt.h(39): warning:  #1-D: last line of file ends without a newline
SPI.h(16): warning:  #550-D: variable "flush" was set but never used
SPI.h(31): warning:  #1-D: last line of file ends without a newline
main.c(42): warning:  #9-D: nested comment is not allowed
main.c(68): warning:  #9-D: nested comment is not allowed
main.c(82): warning:  #9-D: nested comment is not allowed
main.c(87): warning:  #9-D: nested comment is not allowed
main.c(128): warning:  #167-D: argument of type "unsigned char *" is incompatible with parameter of type "char *restrict"
main.c(144): warning:  #111-D: statement is unreachable
main.c(98): warning:  #550-D: variable "i" was set but never used
main.c(98): warning:  #550-D: variable "j" was set but never used
linking...
Program Size: Code=3032 RO-data=32 RW-data=24 ZI-data=1312  
FromELF: creating hex file...
"main.axf" - 0 Error(s), 15 Warning(s).
Rebuild target 'Target 1'
assembling Startup.s...
compiling main.c...
ADC.h(17): warning:  #61-D: integer operation result is out of range
ADC.h(17): warning:  #68-D: integer conversion resulted in a change of sign
LCD.h(54): warning:  #1-D: last line of file ends without a newline
DAC.h(5): warning:  #1-D: last line of file ends without a newline
interrupt.h(39): warning:  #1-D: last line of file ends without a newline
SPI.h(16): warning:  #550-D: variable "flush" was set but never used
SPI.h(31): warning:  #1-D: last line of file ends without a newline
main.c(42): warning:  #9-D: nested comment is not allowed
main.c(68): warning:  #9-D: nested comment is not allowed
main.c(82): warning:  #9-D: nested comment is not allowed
main.c(87): warning:  #9-D: nested comment is not allowed
main.c(128): warning:  #167-D: argument of type "unsigned char *" is incompatible with parameter of type "char *restrict"
main.c(144): warning:  #111-D: statement is unreachable
main.c(98): warning:  #550-D: variable "i" was set but never used
main.c(98): warning:  #550-D: variable "j" was set but never used
linking...
Program Size: Code=3032 RO-data=32 RW-data=24 ZI-data=1312  
FromELF: creating hex file...
"main.axf" - 0 Error(s), 15 Warning(s).
Rebuild target 'Target 1'
assembling Startup.s...
compiling main.c...
ADC.h(17): warning:  #61-D: integer operation result is out of range
ADC.h(17): warning:  #68-D: integer conversion resulted in a change of sign
LCD.h(54): warning:  #1-D: last line of file ends without a newline
DAC.h(5): warning:  #1-D: last line of file ends without a newline
interrupt.h(39): warning:  #1-D: last line of file ends without a newline
SPI.h(16): warning:  #550-D: variable "flush" was set but never used
SPI.h(31): warning:  #1-D: last line of file ends without a newline
main.c(42): warning:  #9-D: nested comment is not allowed
main.c(68): warning:  #9-D: nested comment is not allowed
main.c(82): warning:  #9-D: nested comment is not allowed
main.c(87): warning:  #9-D: nested comment is not allowed
main.c(128): warning:  #167-D: argument of type "unsigned char *" is incompatible with parameter of type "char *restrict"
main.c(144): warning:  #111-D: statement is unreachable
main.c(98): warning:  #550-D: variable "i" was set but never used
main.c(98): warning:  #550-D: variable "j" was set but never used
linking...
Program Size: Code=3004 RO-data=32 RW-data=24 ZI-data=1312  
FromELF: creating hex file...
"main.axf" - 0 Error(s), 15 Warning(s).
Rebuild target 'Target 1'
assembling Startup.s...
compiling main.c...
ADC.h(17): warning:  #61-D: integer operation result is out of range
ADC.h(17): warning:  #68-D: integer conversion resulted in a change of sign
LCD.h(54): warning:  #1-D: last line of file ends without a newline
DAC.h(5): warning:  #1-D: last line of file ends without a newline
interrupt.h(39): warning:  #1-D: last line of file ends without a newline
SPI.h(16): warning:  #550-D: variable "flush" was set but never used
SPI.h(31): warning:  #1-D: last line of file ends without a newline
main.c(42): warning:  #9-D: nested comment is not allowed
main.c(68): warning:  #9-D: nested comment is not allowed
main.c(82): warning:  #9-D: nested comment is not allowed
main.c(87): warning:  #9-D: nested comment is not allowed
main.c(128): warning:  #167-D: argument of type "unsigned char *" is incompatible with parameter of type "char *restrict"
main.c(144): warning:  #111-D: statement is unreachable
main.c(98): warning:  #550-D: variable "i" was set but never used
main.c(98): warning:  #550-D: variable "j" was set but never used
linking...
Program Size: Code=3032 RO-data=32 RW-data=24 ZI-data=1312  
FromELF: creating hex file...
"main.axf" - 0 Error(s), 15 Warning(s).
Rebuild target 'Target 1'
assembling Startup.s...
compiling main.c...
ADC.h(17): warning:  #61-D: integer operation result is out of range
ADC.h(17): warning:  #68-D: integer conversion resulted in a change of sign
LCD.h(54): warning:  #1-D: last line of file ends without a newline
DAC.h(5): warning:  #1-D: last line of file ends without a newline
interrupt.h(39): warning:  #1-D: last line of file ends without a newline
SPI.h(16): warning:  #550-D: variable "flush" was set but never used
SPI.h(31): warning:  #1-D: last line of file ends without a newline
main.c(42): warning:  #9-D: nested comment is not allowed
main.c(68): warning:  #9-D: nested comment is not allowed
main.c(82): warning:  #9-D: nested comment is not allowed
main.c(87): warning:  #9-D: nested comment is not allowed
main.c(128): warning:  #167-D: argument of type "unsigned char *" is incompatible with parameter of type "char *restrict"
main.c(144): warning:  #111-D: statement is unreachable
main.c(98): warning:  #550-D: variable "i" was set but never used
main.c(98): warning:  #550-D: variable "j" was set but never used
linking...
Program Size: Code=3032 RO-data=32 RW-data=24 ZI-data=1312  
FromELF: creating hex file...
"main.axf" - 0 Error(s), 15 Warning(s).
Rebuild target 'Target 1'
assembling Startup.s...
compiling main.c...
ADC.h(25): error:  #20: identifier "uint32_t" is undefined
ADC.h(28): warning:  #223-D: function "LCD_Init" declared implicitly
ADC.h(40): warning:  #223-D: function "sprintf" declared implicitly
ADC.h(43): error:  #120: return value type does not match the function type
ADC.h(44): warning:  #1-D: last line of file ends without a newline
D:\Keil_v4\ARM\ARMCC\bin\..\include\stdio.h(380): error:  #159: declaration is incompatible with previous "sprintf" (declared at line 40 of "ADC.h")
LCD.h(54): warning:  #1-D: last line of file ends without a newline
DAC.h(5): warning:  #1-D: last line of file ends without a newline
interrupt.h(39): warning:  #1-D: last line of file ends without a newline
LCD-16x2-8bit.h(18): error:  #159: declaration is incompatible with previous "LCD_Init" (declared at line 28 of "ADC.h")
SPI.h(16): warning:  #550-D: variable "flush" was set but never used
SPI.h(31): warning:  #1-D: last line of file ends without a newline
main.c(42): warning:  #9-D: nested comment is not allowed
main.c(68): warning:  #9-D: nested comment is not allowed
main.c(82): warning:  #9-D: nested comment is not allowed
main.c(87): warning:  #9-D: nested comment is not allowed
main.c(128): warning:  #167-D: argument of type "unsigned char *" is incompatible with parameter of type "char *restrict"
main.c(144): warning:  #111-D: statement is unreachable
main.c(98): warning:  #550-D: variable "i" was set but never used
main.c(98): warning:  #550-D: variable "j" was set but never used
Target not created
Rebuild target 'Target 1'
assembling Startup.s...
compiling main.c...
ADC.h(25): error:  #20: identifier "uint32_t" is undefined
ADC.h(40): warning:  #223-D: function "sprintf" declared implicitly
ADC.h(43): error:  #120: return value type does not match the function type
ADC.h(44): warning:  #1-D: last line of file ends without a newline
D:\Keil_v4\ARM\ARMCC\bin\..\include\stdio.h(380): error:  #159: declaration is incompatible with previous "sprintf" (declared at line 40 of "ADC.h")
LCD.h(54): warning:  #1-D: last line of file ends without a newline
DAC.h(5): warning:  #1-D: last line of file ends without a newline
interrupt.h(39): warning:  #1-D: last line of file ends without a newline
SPI.h(16): warning:  #550-D: variable "flush" was set but never used
SPI.h(31): warning:  #1-D: last line of file ends without a newline
main.c(42): warning:  #9-D: nested comment is not allowed
main.c(68): warning:  #9-D: nested comment is not allowed
main.c(82): warning:  #9-D: nested comment is not allowed
main.c(87): warning:  #9-D: nested comment is not allowed
main.c(128): warning:  #167-D: argument of type "unsigned char *" is incompatible with parameter of type "char *restrict"
main.c(144): warning:  #111-D: statement is unreachable
main.c(98): warning:  #550-D: variable "i" was set but never used
main.c(98): warning:  #550-D: variable "j" was set but never used
Target not created
Rebuild target 'Target 1'
assembling Startup.s...
compiling main.c...
ADC.h(25): error:  #20: identifier "uint32_t" is undefined
ADC.h(40): warning:  #223-D: function "sprintf" declared implicitly
ADC.h(44): warning:  #1-D: last line of file ends without a newline
D:\Keil_v4\ARM\ARMCC\bin\..\include\stdio.h(380): error:  #159: declaration is incompatible with previous "sprintf" (declared at line 40 of "ADC.h")
LCD.h(54): warning:  #1-D: last line of file ends without a newline
DAC.h(5): warning:  #1-D: last line of file ends without a newline
interrupt.h(39): warning:  #1-D: last line of file ends without a newline
SPI.h(16): warning:  #550-D: variable "flush" was set but never used
SPI.h(31): warning:  #1-D: last line of file ends without a newline
main.c(42): warning:  #9-D: nested comment is not allowed
main.c(68): warning:  #9-D: nested comment is not allowed
main.c(82): warning:  #9-D: nested comment is not allowed
main.c(87): warning:  #9-D: nested comment is not allowed
main.c(128): warning:  #167-D: argument of type "unsigned char *" is incompatible with parameter of type "char *restrict"
main.c(144): warning:  #111-D: statement is unreachable
main.c(98): warning:  #550-D: variable "i" was set but never used
main.c(98): warning:  #550-D: variable "j" was set but never used
Target not created
Rebuild target 'Target 1'
assembling Startup.s...
compiling main.c...
ADC.h(25): error:  #20: identifier "uint32_t" is undefined
ADC.h(40): warning:  #223-D: function "sprintf" declared implicitly
ADC.h(44): warning:  #1-D: last line of file ends without a newline
D:\Keil_v4\ARM\ARMCC\bin\..\include\stdio.h(380): error:  #159: declaration is incompatible with previous "sprintf" (declared at line 40 of "ADC.h")
LCD.h(54): warning:  #1-D: last line of file ends without a newline
DAC.h(5): warning:  #1-D: last line of file ends without a newline
interrupt.h(39): warning:  #1-D: last line of file ends without a newline
SPI.h(16): warning:  #550-D: variable "flush" was set but never used
SPI.h(31): warning:  #1-D: last line of file ends without a newline
main.c(42): warning:  #9-D: nested comment is not allowed
main.c(68): warning:  #9-D: nested comment is not allowed
main.c(82): warning:  #9-D: nested comment is not allowed
main.c(87): warning:  #9-D: nested comment is not allowed
main.c(128): warning:  #167-D: argument of type "unsigned char *" is incompatible with parameter of type "char *restrict"
main.c(144): warning:  #111-D: statement is unreachable
main.c(98): warning:  #550-D: variable "i" was set but never used
main.c(98): warning:  #550-D: variable "j" was set but never used
Target not created
Rebuild target 'Target 1'
assembling Startup.s...
compiling main.c...
ADC.h(41): warning:  #223-D: function "sprintf" declared implicitly
ADC.h(45): warning:  #1-D: last line of file ends without a newline
D:\Keil_v4\ARM\ARMCC\bin\..\include\stdio.h(380): error:  #159: declaration is incompatible with previous "sprintf" (declared at line 41 of "ADC.h")
LCD.h(54): warning:  #1-D: last line of file ends without a newline
DAC.h(5): warning:  #1-D: last line of file ends without a newline
interrupt.h(39): warning:  #1-D: last line of file ends without a newline
SPI.h(16): warning:  #550-D: variable "flush" was set but never used
SPI.h(31): warning:  #1-D: last line of file ends without a newline
main.c(42): warning:  #9-D: nested comment is not allowed
main.c(68): warning:  #9-D: nested comment is not allowed
main.c(82): warning:  #9-D: nested comment is not allowed
main.c(87): warning:  #9-D: nested comment is not allowed
main.c(128): warning:  #167-D: argument of type "unsigned char *" is incompatible with parameter of type "char *restrict"
main.c(144): warning:  #111-D: statement is unreachable
main.c(98): warning:  #550-D: variable "i" was set but never used
main.c(98): warning:  #550-D: variable "j" was set but never used
Target not created
Rebuild target 'Target 1'
assembling Startup.s...
compiling main.c...
ADC.h(36): error:  #20: identifier "result" is undefined
ADC.h(41): warning:  #223-D: function "sprintf" declared implicitly
ADC.h(45): warning:  #1-D: last line of file ends without a newline
D:\Keil_v4\ARM\ARMCC\bin\..\include\stdio.h(380): error:  #159: declaration is incompatible with previous "sprintf" (declared at line 41 of "ADC.h")
LCD.h(54): warning:  #1-D: last line of file ends without a newline
DAC.h(5): warning:  #1-D: last line of file ends without a newline
interrupt.h(39): warning:  #1-D: last line of file ends without a newline
SPI.h(16): warning:  #550-D: variable "flush" was set but never used
SPI.h(31): warning:  #1-D: last line of file ends without a newline
main.c(42): warning:  #9-D: nested comment is not allowed
main.c(68): warning:  #9-D: nested comment is not allowed
main.c(82): warning:  #9-D: nested comment is not allowed
main.c(87): warning:  #9-D: nested comment is not allowed
main.c(128): warning:  #167-D: argument of type "unsigned char *" is incompatible with parameter of type "char *restrict"
main.c(144): warning:  #111-D: statement is unreachable
main.c(98): warning:  #550-D: variable "i" was set but never used
main.c(98): warning:  #550-D: variable "j" was set but never used
Target not created
Rebuild target 'Target 1'
assembling Startup.s...
compiling main.c...
ADC.h(42): warning:  #223-D: function "sprintf" declared implicitly
ADC.h(46): warning:  #1-D: last line of file ends without a newline
D:\Keil_v4\ARM\ARMCC\bin\..\include\stdio.h(380): error:  #159: declaration is incompatible with previous "sprintf" (declared at line 42 of "ADC.h")
LCD.h(54): warning:  #1-D: last line of file ends without a newline
DAC.h(5): warning:  #1-D: last line of file ends without a newline
interrupt.h(39): warning:  #1-D: last line of file ends without a newline
SPI.h(16): warning:  #550-D: variable "flush" was set but never used
SPI.h(31): warning:  #1-D: last line of file ends without a newline
main.c(42): warning:  #9-D: nested comment is not allowed
main.c(68): warning:  #9-D: nested comment is not allowed
main.c(82): warning:  #9-D: nested comment is not allowed
main.c(87): warning:  #9-D: nested comment is not allowed
main.c(128): warning:  #167-D: argument of type "unsigned char *" is incompatible with parameter of type "char *restrict"
main.c(144): warning:  #111-D: statement is unreachable
main.c(98): warning:  #550-D: variable "i" was set but never used
main.c(98): warning:  #550-D: variable "j" was set but never used
Target not created
Rebuild target 'Target 1'
assembling Startup.s...
compiling main.c...
ADC.h(46): warning:  #1-D: last line of file ends without a newline
LCD.h(54): warning:  #1-D: last line of file ends without a newline
DAC.h(5): warning:  #1-D: last line of file ends without a newline
interrupt.h(39): warning:  #1-D: last line of file ends without a newline
SPI.h(16): warning:  #550-D: variable "flush" was set but never used
SPI.h(31): warning:  #1-D: last line of file ends without a newline
main.c(42): warning:  #9-D: nested comment is not allowed
main.c(68): warning:  #9-D: nested comment is not allowed
main.c(82): warning:  #9-D: nested comment is not allowed
main.c(87): warning:  #9-D: nested comment is not allowed
main.c(128): warning:  #167-D: argument of type "unsigned char *" is incompatible with parameter of type "char *restrict"
main.c(144): warning:  #111-D: statement is unreachable
main.c(98): warning:  #550-D: variable "i" was set but never used
main.c(98): warning:  #550-D: variable "j" was set but never used
linking...
Program Size: Code=2920 RO-data=32 RW-data=28 ZI-data=1308  
FromELF: creating hex file...
"main.axf" - 0 Error(s), 14 Warning(s).
Rebuild target 'Target 1'
assembling Startup.s...
compiling main.c...
ADC.h(46): warning:  #1-D: last line of file ends without a newline
LCD.h(54): warning:  #1-D: last line of file ends without a newline
DAC.h(5): warning:  #1-D: last line of file ends without a newline
interrupt.h(39): warning:  #1-D: last line of file ends without a newline
SPI.h(16): warning:  #550-D: variable "flush" was set but never used
SPI.h(31): warning:  #1-D: last line of file ends without a newline
main.c(42): warning:  #9-D: nested comment is not allowed
main.c(68): warning:  #9-D: nested comment is not allowed
main.c(82): warning:  #9-D: nested comment is not allowed
main.c(87): warning:  #9-D: nested comment is not allowed
main.c(128): warning:  #167-D: argument of type "unsigned char *" is incompatible with parameter of type "char *restrict"
main.c(144): warning:  #111-D: statement is unreachable
main.c(98): warning:  #550-D: variable "i" was set but never used
main.c(98): warning:  #550-D: variable "j" was set but never used
linking...
Program Size: Code=2928 RO-data=32 RW-data=28 ZI-data=1308  
FromELF: creating hex file...
"main.axf" - 0 Error(s), 14 Warning(s).
Rebuild target 'Target 1'
assembling Startup.s...
compiling main.c...
ADC.h(46): warning:  #1-D: last line of file ends without a newline
LCD.h(54): warning:  #1-D: last line of file ends without a newline
DAC.h(5): warning:  #1-D: last line of file ends without a newline
interrupt.h(39): warning:  #1-D: last line of file ends without a newline
SPI.h(16): warning:  #550-D: variable "flush" was set but never used
SPI.h(31): warning:  #1-D: last line of file ends without a newline
main.c(42): warning:  #9-D: nested comment is not allowed
main.c(68): warning:  #9-D: nested comment is not allowed
main.c(82): warning:  #9-D: nested comment is not allowed
main.c(87): warning:  #9-D: nested comment is not allowed
main.c(128): warning:  #167-D: argument of type "unsigned char *" is incompatible with parameter of type "char *restrict"
main.c(144): warning:  #111-D: statement is unreachable
main.c(98): warning:  #550-D: variable "i" was set but never used
main.c(98): warning:  #550-D: variable "j" was set but never used
linking...
Program Size: Code=2928 RO-data=32 RW-data=28 ZI-data=1308  
FromELF: creating hex file...
"main.axf" - 0 Error(s), 14 Warning(s).
