13:25:50 **** Incremental Build of configuration Debug for project counting_semaphores ****
make -j4 all 
arm-none-eabi-gcc "../Core/Src/main.c" -mcpu=cortex-m4 -std=gnu11 -g3 -DDEBUG -DUSE_HAL_DRIVER -DSTM32L476xx -c -I../Core/Inc -I../Drivers/STM32L4xx_HAL_Driver/Inc -I../Drivers/STM32L4xx_HAL_Driver/Inc/Legacy -I../Drivers/CMSIS/Device/ST/STM32L4xx/Include -I../Drivers/CMSIS/Include -I../Middlewares/Third_Party/FreeRTOS/Source/include -I../Middlewares/Third_Party/FreeRTOS/Source/CMSIS_RTOS -I../Middlewares/Third_Party/FreeRTOS/Source/portable/GCC/ARM_CM4F -O0 -ffunction-sections -fdata-sections -Wall -fstack-usage -fcyclomatic-complexity -MMD -MP -MF"Core/Src/main.d" -MT"Core/Src/main.o" --specs=nano.specs -mfpu=fpv4-sp-d16 -mfloat-abi=hard -mthumb -o "Core/Src/main.o"
arm-none-eabi-gcc -o "counting_semaphores.elf" @"objects.list"   -mcpu=cortex-m4 -T"E:\stm32cubeide\counting_semaphores\STM32L476RGTX_FLASH.ld" --specs=nosys.specs -Wl,-Map="counting_semaphores.map" -Wl,--gc-sections -static --specs=nano.specs -mfpu=fpv4-sp-d16 -mfloat-abi=hard -mthumb -Wl,--start-group -lc -lm -Wl,--end-group
Finished building target: counting_semaphores.elf
 
arm-none-eabi-size   counting_semaphores.elf 
arm-none-eabi-objdump -h -S  counting_semaphores.elf  > "counting_semaphores.list"
   text	   data	    bss	    dec	    hex	filename
  28328	    124	   5756	  34208	   85a0	counting_semaphores.elf
Finished building: default.size.stdout
 
Finished building: counting_semaphores.list
 

13:25:53 Build Finished. 0 errors, 0 warnings. (took 2s.148ms)

