14:39:36 **** Incremental Build of configuration Debug for project can_hal ****
make -j4 all 
arm-none-eabi-gcc "../Core/Src/main.c" -mcpu=cortex-m4 -std=gnu11 -g3 -DDEBUG -DUSE_HAL_DRIVER -DSTM32L476xx -c -I../Core/Inc -I../Drivers/STM32L4xx_HAL_Driver/Inc -I../Drivers/STM32L4xx_HAL_Driver/Inc/Legacy -I../Drivers/CMSIS/Device/ST/STM32L4xx/Include -I../Drivers/CMSIS/Include -O0 -ffunction-sections -fdata-sections -Wall -fstack-usage -fcyclomatic-complexity -MMD -MP -MF"Core/Src/main.d" -MT"Core/Src/main.o" --specs=nano.specs -mfpu=fpv4-sp-d16 -mfloat-abi=hard -mthumb -o "Core/Src/main.o"
arm-none-eabi-gcc -o "can_hal.elf" @"objects.list"   -mcpu=cortex-m4 -T"E:\stm32cubeide\can_hal\STM32L476RGTX_FLASH.ld" --specs=nosys.specs -Wl,-Map="can_hal.map" -Wl,--gc-sections -static --specs=nano.specs -mfpu=fpv4-sp-d16 -mfloat-abi=hard -mthumb -Wl,--start-group -lc -lm -Wl,--end-group
Finished building target: can_hal.elf
 
arm-none-eabi-size   can_hal.elf 
arm-none-eabi-objdump -h -S  can_hal.elf  > "can_hal.list"
   text	   data	    bss	    dec	    hex	filename
  10280	    120	   1632	  12032	   2f00	can_hal.elf
Finished building: default.size.stdout
 
Finished building: can_hal.list
 
14:39:48 **** Incremental Build of configuration Debug for project can_hal ****
make -j4 all 
arm-none-eabi-size   can_hal.elf 
   text	   data	    bss	    dec	    hex	filename
  10280	    120	   1632	  12032	   2f00	can_hal.elf
Finished building: default.size.stdout
 
14:39:51 **** Incremental Build of configuration Debug for project can_hal ****
make -j4 all 
arm-none-eabi-size   can_hal.elf 
   text	   data	    bss	    dec	    hex	filename
  10280	    120	   1632	  12032	   2f00	can_hal.elf
Finished building: default.size.stdout
 
14:40:29 **** Incremental Build of configuration Debug for project can_hal ****
make -j4 all 
arm-none-eabi-size   can_hal.elf 
   text	   data	    bss	    dec	    hex	filename
  10280	    120	   1632	  12032	   2f00	can_hal.elf
Finished building: default.size.stdout
 
