12:20:41 **** Incremental Build of configuration Debug for project HAL_LED_PUSH ****
make -j4 all 
arm-none-eabi-gcc "../Core/Src/main.c" -mcpu=cortex-m4 -std=gnu11 -g3 -DDEBUG -DUSE_HAL_DRIVER -DSTM32F411xE -c -I../Core/Inc -I../Drivers/STM32F4xx_HAL_Driver/Inc -I../Drivers/STM32F4xx_HAL_Driver/Inc/Legacy -I../Drivers/CMSIS/Device/ST/STM32F4xx/Include -I../Drivers/CMSIS/Include -O0 -ffunction-sections -fdata-sections -Wall -fstack-usage -fcyclomatic-complexity -MMD -MP -MF"Core/Src/main.d" -MT"Core/Src/main.o" --specs=nano.specs -mfpu=fpv4-sp-d16 -mfloat-abi=hard -mthumb -o "Core/Src/main.o"
arm-none-eabi-gcc -o "HAL_LED_PUSH.elf" @"objects.list"   -mcpu=cortex-m4 -T"E:\stm32cubeide\HAL_LED_PUSH\STM32F411RETX_FLASH.ld" --specs=nosys.specs -Wl,-Map="HAL_LED_PUSH.map" -Wl,--gc-sections -static --specs=nano.specs -mfpu=fpv4-sp-d16 -mfloat-abi=hard -mthumb -Wl,--start-group -lc -lm -Wl,--end-group
Finished building target: HAL_LED_PUSH.elf
 
arm-none-eabi-size   HAL_LED_PUSH.elf 
arm-none-eabi-objdump -h -S  HAL_LED_PUSH.elf  > "HAL_LED_PUSH.list"
   text	   data	    bss	    dec	    hex	filename
   5784	     20	   1572	   7376	   1cd0	HAL_LED_PUSH.elf
Finished building: default.size.stdout
 
Finished building: HAL_LED_PUSH.list
 

12:20:42 Build Finished. 0 errors, 0 warnings. (took 903ms)

