16:18:20 **** Incremental Build of configuration Debug for project i2c_slave ****
make -j4 all 
arm-none-eabi-gcc "../Core/Src/main.c" -mcpu=cortex-m4 -std=gnu11 -g3 -DDEBUG -DUSE_HAL_DRIVER -DSTM32L476xx -c -I../Core/Inc -I../Drivers/STM32L4xx_HAL_Driver/Inc -I../Drivers/STM32L4xx_HAL_Driver/Inc/Legacy -I../Drivers/CMSIS/Device/ST/STM32L4xx/Include -I../Drivers/CMSIS/Include -O0 -ffunction-sections -fdata-sections -Wall -fstack-usage -fcyclomatic-complexity -MMD -MP -MF"Core/Src/main.d" -MT"Core/Src/main.o" --specs=nano.specs -mfpu=fpv4-sp-d16 -mfloat-abi=hard -mthumb -o "Core/Src/main.o"
arm-none-eabi-gcc -o "i2c_slave.elf" @"objects.list"   -mcpu=cortex-m4 -T"E:\stm32cubeide\i2c_slave\STM32L476RGTX_FLASH.ld" --specs=nosys.specs -Wl,-Map="i2c_slave.map" -Wl,--gc-sections -static --specs=nano.specs -mfpu=fpv4-sp-d16 -mfloat-abi=hard -mthumb -Wl,--start-group -lc -lm -Wl,--end-group
Finished building target: i2c_slave.elf
 
arm-none-eabi-size   i2c_slave.elf 
arm-none-eabi-objdump -h -S  i2c_slave.elf  > "i2c_slave.list"
   text	   data	    bss	    dec	    hex	filename
  11048	     20	   1652	  12720	   31b0	i2c_slave.elf
Finished building: default.size.stdout
 
Finished building: i2c_slave.list
 

16:18:22 Build Finished. 0 errors, 0 warnings. (took 2s.878ms)

