<html>
<body>
<pre>
<h1>µVision Build Log</h1>
<h2>Tool Versions:</h2>
IDE-Version: µVision V5.36.0.0
Copyright (C) 2021 ARM Ltd and ARM Germany GmbH. All rights reserved.
License Information: maha vishnu, hi, LIC=----
 
Tool Versions:
Toolchain:       MDK-Lite  Version: 5.36.0.0
Toolchain Path:  E:\Keil_v5\ARM\ARMCLANG\Bin
C Compiler:      ArmClang.exe V6.16
Assembler:       Armasm.exe V6.16
Linker/Locator:  ArmLink.exe V6.16
Library Manager: ArmAr.exe V6.16
Hex Converter:   FromElf.exe V6.16
CPU DLL:         SARMCM3.DLL V5.36.0.0
Dialog DLL:      DCM.DLL V1.17.3.0
Target DLL:      STLink\ST-LINKIII-KEIL_SWO.dll V3.0.9.0
Dialog DLL:      TCM.DLL V1.53.0.0
 
<h2>Project:</h2>
E:\STM32\STM32L476RG\usart\saro.uvprojx
Project File Date:  08/21/2023

<h2>Output:</h2>
*** Using Compiler 'V6.16', folder: 'E:\Keil_v5\ARM\ARMCLANG\Bin'
Rebuild target 'Target 1'
assembling startup_stm32l476xx.s...
compiling system_stm32l4xx.c...
adccc.c(2): warning: In file included from...
./sysclock.h(6): warning: no previous prototype for function 'sysclock80MHZ' [-Wmissing-prototypes]
void sysclock80MHZ()
     ^
./sysclock.h(6): note: declare 'static' if the function is not intended to be used outside of this translation unit
void sysclock80MHZ()
^
static 
./sysclock.h(6): warning: this old-style function definition is not preceded by a prototype [-Wstrict-prototypes]
void sysclock80MHZ()
                  ^
./sysclock.h(71): warning: no newline at end of file [-Wnewline-eof]
}
 ^
./sysclock.h(41): warning: no previous prototype for function 'sys' [-Wmissing-prototypes]
void sys()
     ^
./sysclock.h(41): note: declare 'static' if the function is not intended to be used outside of this translation unit
void sys()
^
static 
./sysclock.h(41): warning: this old-style function definition is not preceded by a prototype [-Wstrict-prototypes]
void sys()
        ^
adccc.c(3): warning: In file included from...
./lcd.h(90): warning: no previous prototype for function 'GPIO_INIT' [-Wmissing-prototypes]
void GPIO_INIT(int port)
     ^
./lcd.h(90): note: declare 'static' if the function is not intended to be used outside of this translation unit
void GPIO_INIT(int port)
^
static 
./lcd.h(116): warning: no previous prototype for function 'LCD_cmd' [-Wmissing-prototypes]
void LCD_cmd(unsigned char cmd)
     ^
./lcd.h(116): note: declare 'static' if the function is not intended to be used outside of this translation unit
void LCD_cmd(unsigned char cmd)
^
static 
./lcd.h(134): warning: no previous prototype for function 'LCD_data' [-Wmissing-prototypes]
void LCD_data(unsigned char data)
     ^
./lcd.h(134): note: declare 'static' if the function is not intended to be used outside of this translation unit
void LCD_data(unsigned char data)
^
static 
./lcd.h(152): warning: no previous prototype for function 'LCD_string' [-Wmissing-prototypes]
void LCD_string(unsigned char *p)
     ^
./lcd.h(152): note: declare 'static' if the function is not intended to be used outside of this translation unit
void LCD_string(unsigned char *p)
^
static 
./lcd.h(162): warning: incompatible pointer types passing 'char (*)[50]' to parameter of type 'unsigned char *' [-Wincompatible-pointer-types]
        LCD_string(&buffer);
                   ^~~~~~~
./lcd.h(152): note: passing argument to parameter 'p' here
void LCD_string(unsigned char *p)
                               ^
./lcd.h(158): warning: no previous prototype for function 'integer' [-Wmissing-prototypes]
void integer(int h)
     ^
./lcd.h(158): note: declare 'static' if the function is not intended to be used outside of this translation unit
void integer(int h)
^
static 
./lcd.h(195): warning: no newline at end of file [-Wnewline-eof]
}*/
   ^
./lcd.h(164): warning: no previous prototype for function 'LCD_init' [-Wmissing-prototypes]
void LCD_init()
     ^
./lcd.h(164): note: declare 'static' if the function is not intended to be used outside of this translation unit
void LCD_init()
^
static 
./lcd.h(164): warning: this old-style function definition is not preceded by a prototype [-Wstrict-prototypes]
void LCD_init()
             ^
adccc.c(5): warning: no previous prototype for function 'ADC_Init' [-Wmissing-prototypes]
void ADC_Init(void)
     ^
adccc.c(5): note: declare 'static' if the function is not intended to be used outside of this translation unit
void ADC_Init(void)
^
static 
adccc.c(36): warning: no previous prototype for function 'GPIO_Init' [-Wmissing-prototypes]
void GPIO_Init(void)
     ^
adccc.c(36): note: declare 'static' if the function is not intended to be used outside of this translation unit
void GPIO_Init(void)
^
static 
adccc.c(46): warning: no previous prototype for function 'ADC_start_conv' [-Wmissing-prototypes]
void ADC_start_conv()
     ^
adccc.c(46): note: declare 'static' if the function is not intended to be used outside of this translation unit
void ADC_start_conv()
^
static 
adccc.c(46): warning: this old-style function definition is not preceded by a prototype [-Wstrict-prototypes]
void ADC_start_conv()
                   ^
adccc.c(58): warning: empty expression statement has no effect; remove unnecessary ';' to silence this warning [-Wextra-semi-stmt]
                while (!(ADC1->ISR & ADC_ISR_EOC)){};
                                                    ^
adccc.c(61): warning: implicit conversion changes signedness: 'volatile uint32_t' (aka 'volatile unsigned int') to 'int' [-Wsign-conversion]
        data=ADC123_COMMON->CDR;
            ~~~~~~~~~~~~~~~~^~~
adccc.c(63): warning: incompatible integer to pointer conversion passing 'int' to parameter of type 'unsigned char *' [-Wint-conversion]
                        LCD_string(0x30+d);
                                   ^~~~~~
./lcd.h(152): note: passing argument to parameter 'p' here
void LCD_string(unsigned char *p)
                               ^
adccc.c(53): warning: no previous prototype for function 'readADC_value' [-Wmissing-prototypes]
void readADC_value()
     ^
adccc.c(53): note: declare 'static' if the function is not intended to be used outside of this translation unit
void readADC_value()
^
static 
adccc.c(53): warning: this old-style function definition is not preceded by a prototype [-Wstrict-prototypes]
void readADC_value()
                  ^
adccc.c(73): warning: implicit conversion changes signedness: 'int' to 'unsigned int' [-Wsign-conversion]
        ADC1->CR &= ~0x00000001;
                 ~~ ^~~~~~~~~~~
adccc.c(71): warning: no previous prototype for function 'ADC_dis' [-Wmissing-prototypes]
void ADC_dis()
     ^
adccc.c(71): note: declare 'static' if the function is not intended to be used outside of this translation unit
void ADC_dis()
^
static 
adccc.c(71): warning: this old-style function definition is not preceded by a prototype [-Wstrict-prototypes]
void ADC_dis()
            ^
adccc.c(87): warning: passing 'char [3]' to parameter of type 'unsigned char *' converts between pointers to integer types where one is of the unique plain 'char' type and the other is not [-Wpointer-sign]
        LCD_string("hi");
                   ^~~~
./lcd.h(152): note: passing argument to parameter 'p' here
void LCD_string(unsigned char *p)
                               ^
./lcd.h(31): warning: unused function 'SetSystemClockTo16Mhz' [-Wunused-function]
static void SetSystemClockTo16Mhz(void)
            ^
28 warnings generated.
compiling adccc.c...
linking...
Program Size: Code=1644 RO-data=408 RW-data=0 ZI-data=1632  
".\Objects\saro.axf" - 0 Error(s), 28 Warning(s).

<h2>Software Packages used:</h2>

Package Vendor: ARM
                http://www.keil.com/pack/ARM.CMSIS.5.9.0.pack
                ARM.CMSIS.5.9.0
                CMSIS (Common Microcontroller Software Interface Standard)
   * Component: CORE Version: 5.6.0

Package Vendor: Keil
                https://www.keil.com/pack/Keil.STM32L4xx_DFP.2.6.2.pack
                Keil.STM32L4xx_DFP.2.6.2
                STMicroelectronics STM32L4 Series Device Support, Drivers and Examples
   * Component: Startup Version: 1.3.1

<h2>Collection of Component include folders:</h2>
  .\RTE\_Target_1
  E:\Users\DELL\AppData\Local\Arm\Packs\ARM\CMSIS\5.9.0\CMSIS\Core\Include
  E:\Users\DELL\AppData\Local\Arm\Packs\Keil\STM32L4xx_DFP\2.6.2\Drivers\CMSIS\Device\ST\STM32L4xx\Include

<h2>Collection of Component Files used:</h2>

   * Component: ARM::CMSIS:CORE:5.6.0

   * Component: Keil::Device:Startup:1.3.1
      Source file:   MDK\Device\Source\ARM\STM32L4xx_DB_OPT.s
      Include file:  Drivers\CMSIS\Device\ST\STM32L4xx\Include\stm32l4xx.h
      Source file:   Drivers\CMSIS\Device\ST\STM32L4xx\Source\Templates\system_stm32l4xx.c
      Source file:   Drivers\CMSIS\Device\ST\STM32L4xx\Source\Templates\arm\startup_stm32l476xx.s
Build Time Elapsed:  00:00:01
</pre>
</body>
</html>
