<html>
<body>
<pre>
<h1>µVision Build Log</h1>
<h2>Tool Versions:</h2>
IDE-Version: µVision V5.36.0.0
Copyright (C) 2021 ARM Ltd and ARM Germany GmbH. All rights reserved.
License Information: maha vishnu, hi, LIC=----
 
Tool Versions:
Toolchain:       MDK-Lite  Version: 5.36.0.0
Toolchain Path:  E:\Keil_v5\ARM\ARMCLANG\Bin
C Compiler:      ArmClang.exe V6.16
Assembler:       Armasm.exe V6.16
Linker/Locator:  ArmLink.exe V6.16
Library Manager: ArmAr.exe V6.16
Hex Converter:   FromElf.exe V6.16
CPU DLL:         SARMCM3.DLL V5.36.0.0
Dialog DLL:      DCM.DLL V1.17.3.0
Target DLL:      STLink\ST-LINKIII-KEIL_SWO.dll V3.0.9.0
Dialog DLL:      TCM.DLL V1.53.0.0
 
<h2>Project:</h2>
E:\STM32\STM32L476RG\usart\usart.uvprojx
Project File Date:  08/09/2023

<h2>Output:</h2>
*** Using Compiler 'V6.16', folder: 'E:\Keil_v5\ARM\ARMCLANG\Bin'
Rebuild target 'Target 1'
assembling startup_stm32l476xx.s...
compiling system_stm32l4xx.c...
usart.c(75): warning: no previous prototype for function 'tx' [-Wmissing-prototypes]
void tx(unsigned char  a)
     ^
usart.c(75): note: declare 'static' if the function is not intended to be used outside of this translation unit
void tx(unsigned char  a)
^
static 
usart.c(91): warning: no previous prototype for function 'txx' [-Wmissing-prototypes]
void txx(unsigned char *s)
     ^
usart.c(91): note: declare 'static' if the function is not intended to be used outside of this translation unit
void txx(unsigned char *s)
^
static 
usart.c(100): warning: no previous prototype for function 'rx' [-Wmissing-prototypes]
unsigned char rx()
              ^
usart.c(100): note: declare 'static' if the function is not intended to be used outside of this translation unit
unsigned char rx()
^
static 
usart.c(100): warning: this old-style function definition is not preceded by a prototype [-Wstrict-prototypes]
unsigned char rx()
                ^
usart.c(111): warning: no previous prototype for function 'rxx' [-Wmissing-prototypes]
void rxx()
     ^
usart.c(111): note: declare 'static' if the function is not intended to be used outside of this translation unit
void rxx()
^
static 
usart.c(111): warning: this old-style function definition is not preceded by a prototype [-Wstrict-prototypes]
void rxx()
        ^
usart.c(129): warning: no previous prototype for function 'anbu' [-Wmissing-prototypes]
void anbu()
     ^
usart.c(129): note: declare 'static' if the function is not intended to be used outside of this translation unit
void anbu()
^
static 
usart.c(129): warning: this old-style function definition is not preceded by a prototype [-Wstrict-prototypes]
void anbu()
         ^
usart.c(203): warning: no newline at end of file [-Wnewline-eof]
}
 ^
9 warnings generated.
compiling usart.c...
linking...
Program Size: Code=756 RO-data=408 RW-data=0 ZI-data=1632  
FromELF: creating hex file...
".\Objects\usart.axf" - 0 Error(s), 9 Warning(s).

<h2>Software Packages used:</h2>

Package Vendor: ARM
                http://www.keil.com/pack/ARM.CMSIS.5.9.0.pack
                ARM.CMSIS.5.9.0
                CMSIS (Common Microcontroller Software Interface Standard)
   * Component: CORE Version: 5.6.0

Package Vendor: Keil
                https://www.keil.com/pack/Keil.STM32L4xx_DFP.2.6.2.pack
                Keil.STM32L4xx_DFP.2.6.2
                STMicroelectronics STM32L4 Series Device Support, Drivers and Examples
   * Component: Startup Version: 1.3.1

<h2>Collection of Component include folders:</h2>
  .\RTE\_Target_1
  E:\Users\DELL\AppData\Local\Arm\Packs\ARM\CMSIS\5.9.0\CMSIS\Core\Include
  E:\Users\DELL\AppData\Local\Arm\Packs\Keil\STM32L4xx_DFP\2.6.2\Drivers\CMSIS\Device\ST\STM32L4xx\Include

<h2>Collection of Component Files used:</h2>

   * Component: ARM::CMSIS:CORE:5.6.0

   * Component: Keil::Device:Startup:1.3.1
      Source file:   MDK\Device\Source\ARM\STM32L4xx_DB_OPT.s
      Include file:  Drivers\CMSIS\Device\ST\STM32L4xx\Include\stm32l4xx.h
      Source file:   Drivers\CMSIS\Device\ST\STM32L4xx\Source\Templates\arm\startup_stm32l476xx.s
      Source file:   Drivers\CMSIS\Device\ST\STM32L4xx\Source\Templates\system_stm32l4xx.c
Build Time Elapsed:  00:00:01
</pre>
</body>
</html>
